// Jest Snapshot v1, https://goo.gl/fbAQLP

exports[`renders learn react link 1`] = `
Object {
  "asFragment": [Function],
  "baseElement": <body>
    <div>
      <header>
        <a
          href="https://villains.fandom.com/wiki/ACME"
        >
          <img
            alt="GitHub Logo"
            src="/path/image"
            style="width: 100px;"
          />
        </a>
        <a
          href="/"
        >
          Home
        </a>
        <a
          href="/profile"
        >
          Profile
        </a>
        <a
          href="/profile/add"
        >
          Add Profile
        </a>
        <a
          href="/profile/edit"
        >
          Edit Profile
        </a>
        <a
          href="/login"
        >
          Sign In
        </a>
        <h3>
          Welcome. Sign in to access the directory.
        </h3>
      </header>
    </div>
  </body>,
  "container": <div>
    <header>
      <a
        href="https://villains.fandom.com/wiki/ACME"
      >
        <img
          alt="GitHub Logo"
          src="/path/image"
          style="width: 100px;"
        />
      </a>
      <a
        href="/"
      >
        Home
      </a>
      <a
        href="/profile"
      >
        Profile
      </a>
      <a
        href="/profile/add"
      >
        Add Profile
      </a>
      <a
        href="/profile/edit"
      >
        Edit Profile
      </a>
      <a
        href="/login"
      >
        Sign In
      </a>
      <h3>
        Welcome. Sign in to access the directory.
      </h3>
    </header>
  </div>,
  "debug": [Function],
  "findAllByAltText": [Function],
  "findAllByDisplayValue": [Function],
  "findAllByLabelText": [Function],
  "findAllByPlaceholderText": [Function],
  "findAllByRole": [Function],
  "findAllByTestId": [Function],
  "findAllByText": [Function],
  "findAllByTitle": [Function],
  "findByAltText": [Function],
  "findByDisplayValue": [Function],
  "findByLabelText": [Function],
  "findByPlaceholderText": [Function],
  "findByRole": [Function],
  "findByTestId": [Function],
  "findByText": [Function],
  "findByTitle": [Function],
  "getAllByAltText": [Function],
  "getAllByDisplayValue": [Function],
  "getAllByLabelText": [Function],
  "getAllByPlaceholderText": [Function],
  "getAllByRole": [Function],
  "getAllByTestId": [Function],
  "getAllByText": [Function],
  "getAllByTitle": [Function],
  "getByAltText": [Function],
  "getByDisplayValue": [Function],
  "getByLabelText": [Function],
  "getByPlaceholderText": [Function],
  "getByRole": [Function],
  "getByTestId": [Function],
  "getByText": [Function],
  "getByTitle": [Function],
  "queryAllByAltText": [Function],
  "queryAllByDisplayValue": [Function],
  "queryAllByLabelText": [Function],
  "queryAllByPlaceholderText": [Function],
  "queryAllByRole": [Function],
  "queryAllByTestId": [Function],
  "queryAllByText": [Function],
  "queryAllByTitle": [Function],
  "queryByAltText": [Function],
  "queryByDisplayValue": [Function],
  "queryByLabelText": [Function],
  "queryByPlaceholderText": [Function],
  "queryByRole": [Function],
  "queryByTestId": [Function],
  "queryByText": [Function],
  "queryByTitle": [Function],
  "rerender": [Function],
  "unmount": [Function],
}
`;
